------------------------------------------------------------
TimeQuest Timing Analyzer Summary
------------------------------------------------------------

Type  : Slow Model Setup 'CLOCK'
Slack : -3.421
TNS   : -9.367

Type  : Slow Model Setup 'controladora:Ctrl|state.s1'
Slack : -1.400
TNS   : -3.421

Type  : Slow Model Setup 'controladora:Ctrl|state.s0'
Slack : 0.067
TNS   : 0.000

Type  : Slow Model Hold 'CLOCK'
Slack : -2.208
TNS   : -6.410

Type  : Slow Model Hold 'controladora:Ctrl|state.s1'
Slack : -1.008
TNS   : -1.008

Type  : Slow Model Hold 'controladora:Ctrl|state.s0'
Slack : -0.525
TNS   : -0.525

Type  : Slow Model Recovery 'CLOCK'
Slack : 0.226
TNS   : 0.000

Type  : Slow Model Removal 'CLOCK'
Slack : -0.627
TNS   : -9.092

Type  : Slow Model Minimum Pulse Width 'CLOCK'
Slack : -1.380
TNS   : -22.380

Type  : Slow Model Minimum Pulse Width 'controladora:Ctrl|state.s0'
Slack : 0.500
TNS   : 0.000

Type  : Slow Model Minimum Pulse Width 'controladora:Ctrl|state.s1'
Slack : 0.500
TNS   : 0.000

Type  : Fast Model Setup 'CLOCK'
Slack : -0.881
TNS   : -1.756

Type  : Fast Model Setup 'controladora:Ctrl|state.s1'
Slack : -0.232
TNS   : -0.406

Type  : Fast Model Setup 'controladora:Ctrl|state.s0'
Slack : 0.335
TNS   : 0.000

Type  : Fast Model Hold 'CLOCK'
Slack : -1.349
TNS   : -4.699

Type  : Fast Model Hold 'controladora:Ctrl|state.s1'
Slack : -0.431
TNS   : -0.431

Type  : Fast Model Hold 'controladora:Ctrl|state.s0'
Slack : -0.234
TNS   : -0.234

Type  : Fast Model Recovery 'CLOCK'
Slack : 0.674
TNS   : 0.000

Type  : Fast Model Removal 'CLOCK'
Slack : -0.574
TNS   : -8.769

Type  : Fast Model Minimum Pulse Width 'CLOCK'
Slack : -1.380
TNS   : -22.380

Type  : Fast Model Minimum Pulse Width 'controladora:Ctrl|state.s0'
Slack : 0.500
TNS   : 0.000

Type  : Fast Model Minimum Pulse Width 'controladora:Ctrl|state.s1'
Slack : 0.500
TNS   : 0.000

------------------------------------------------------------
